QA output created by 097
using backend plain store
VDI | owner node
test | IPv4 ip:127.0.0.1 port:7000(shared) IPv4 ip:127.0.0.1 port:7001(shared)
Try `iscsiadm --help' for more information.
127.0.0.1:3260,1 iqn.2014-06.org.sheepdog-project
127.0.0.1:3261,1 iqn.2014-06.org.sheepdog-project
/dev/mapper/sheepdog-iscsi: block special 
checksum matched, success
