QA output created by 099
using backend plain store
  Name        Id    Size    Used  Shared    Creation time   VDI id  Copies  Tag   Block Size Shift
  test         0   16 MB   16 MB  0.0 MB DATE   7c2b25      3                22
STORE/0/obj/007c2b2500000000
STORE/0/obj/007c2b2500000001
STORE/0/obj/007c2b2500000002
STORE/1/obj/007c2b2500000000
STORE/1/obj/007c2b2500000001
STORE/1/obj/007c2b2500000003
STORE/1/obj/807c2b2500000000
STORE/2/obj/007c2b2500000002
STORE/2/obj/007c2b2500000003
STORE/2/obj/807c2b2500000000
STORE/3/obj/007c2b2500000000
STORE/3/obj/007c2b2500000001
STORE/3/obj/007c2b2500000002
STORE/3/obj/007c2b2500000003
STORE/3/obj/807c2b2500000000
  Name        Id    Size    Used  Shared    Creation time   VDI id  Copies  Tag   Block Size Shift
STORE/1/obj/807c2b2500000000
STORE/2/obj/807c2b2500000000
STORE/3/obj/007c2b2500000000
STORE/3/obj/007c2b2500000001
STORE/3/obj/007c2b2500000002
STORE/3/obj/007c2b2500000003
STORE/3/obj/807c2b2500000000
